{"level":"INFO","message":"cURL indisponível, usando fallback HTTP stream","context":{"city":"Luanda","type":"current","url":"https:\/\/api.weatherapi.com\/v1\/forecast.json?key=f891d15df0bb44f3aa390904260905&q=Luanda&days=3&aqi=yes"},"timestamp":"2026-05-09T16:46:45+00:00"}
{"level":"ERROR","message":"Falha de transporte (stream) ao consultar WeatherAPI","context":{"city":"Luanda","type":"current","url":"https:\/\/api.weatherapi.com\/v1\/forecast.json?key=f891d15df0bb44f3aa390904260905&q=Luanda&days=3&aqi=yes"},"timestamp":"2026-05-09T16:46:45+00:00"}
{"level":"INFO","message":"cURL indisponível, usando fallback HTTP stream","context":{"city":"Luanda","type":"hourly","url":"https:\/\/api.weatherapi.com\/v1\/forecast.json?key=f891d15df0bb44f3aa390904260905&q=Luanda&days=3&aqi=yes"},"timestamp":"2026-05-09T16:46:45+00:00"}
{"level":"ERROR","message":"Falha de transporte (stream) ao consultar WeatherAPI","context":{"city":"Luanda","type":"hourly","url":"https:\/\/api.weatherapi.com\/v1\/forecast.json?key=f891d15df0bb44f3aa390904260905&q=Luanda&days=3&aqi=yes"},"timestamp":"2026-05-09T16:46:45+00:00"}
{"level":"INFO","message":"cURL indisponível, usando fallback HTTP stream","context":{"city":"Luanda","type":"daily","url":"https:\/\/api.weatherapi.com\/v1\/forecast.json?key=f891d15df0bb44f3aa390904260905&q=Luanda&days=3&aqi=yes"},"timestamp":"2026-05-09T16:46:45+00:00"}
{"level":"ERROR","message":"Falha de transporte (stream) ao consultar WeatherAPI","context":{"city":"Luanda","type":"daily","url":"https:\/\/api.weatherapi.com\/v1\/forecast.json?key=f891d15df0bb44f3aa390904260905&q=Luanda&days=3&aqi=yes"},"timestamp":"2026-05-09T16:46:45+00:00"}
{"level":"INFO","message":"cURL indisponível, usando fallback HTTP stream","context":{"city":"Luanda","type":"current","url":"https:\/\/api.weatherapi.com\/v1\/forecast.json?key=f891d15df0bb44f3aa390904260905&q=Luanda&days=3&aqi=yes"},"timestamp":"2026-05-09T16:48:02+00:00"}
{"level":"ERROR","message":"Falha de transporte (stream) ao consultar WeatherAPI","context":{"city":"Luanda","type":"current","url":"https:\/\/api.weatherapi.com\/v1\/forecast.json?key=f891d15df0bb44f3aa390904260905&q=Luanda&days=3&aqi=yes"},"timestamp":"2026-05-09T16:48:02+00:00"}
{"level":"INFO","message":"cURL indisponível, usando fallback HTTP stream","context":{"city":"Luanda","type":"current","url":"https:\/\/api.weatherapi.com\/v1\/forecast.json?key=f891d15df0bb44f3aa390904260905&q=Luanda&days=3&aqi=yes"},"timestamp":"2026-05-09T17:01:36+00:00"}
{"level":"ERROR","message":"Falha de transporte (stream) ao consultar WeatherAPI","context":{"city":"Luanda","type":"current","url":"https:\/\/api.weatherapi.com\/v1\/forecast.json?key=f891d15df0bb44f3aa390904260905&q=Luanda&days=3&aqi=yes"},"timestamp":"2026-05-09T17:01:36+00:00"}
{"level":"INFO","message":"cURL indisponível, usando fallback HTTP stream","context":{"city":"Luanda","type":"hourly","url":"https:\/\/api.weatherapi.com\/v1\/forecast.json?key=f891d15df0bb44f3aa390904260905&q=Luanda&days=3&aqi=yes"},"timestamp":"2026-05-09T17:01:36+00:00"}
{"level":"ERROR","message":"Falha de transporte (stream) ao consultar WeatherAPI","context":{"city":"Luanda","type":"hourly","url":"https:\/\/api.weatherapi.com\/v1\/forecast.json?key=f891d15df0bb44f3aa390904260905&q=Luanda&days=3&aqi=yes"},"timestamp":"2026-05-09T17:01:36+00:00"}
{"level":"INFO","message":"cURL indisponível, usando fallback HTTP stream","context":{"city":"Luanda","type":"daily","url":"https:\/\/api.weatherapi.com\/v1\/forecast.json?key=f891d15df0bb44f3aa390904260905&q=Luanda&days=3&aqi=yes"},"timestamp":"2026-05-09T17:01:36+00:00"}
{"level":"ERROR","message":"Falha de transporte (stream) ao consultar WeatherAPI","context":{"city":"Luanda","type":"daily","url":"https:\/\/api.weatherapi.com\/v1\/forecast.json?key=f891d15df0bb44f3aa390904260905&q=Luanda&days=3&aqi=yes"},"timestamp":"2026-05-09T17:01:36+00:00"}
{"level":"INFO","message":"cURL indisponível, usando fallback HTTP stream","context":{"city":"Accra","type":"current","url":"https:\/\/api.weatherapi.com\/v1\/forecast.json?key=f891d15df0bb44f3aa390904260905&q=Accra&days=3&aqi=yes"},"timestamp":"2026-05-09T17:01:45+00:00"}
{"level":"ERROR","message":"Falha de transporte (stream) ao consultar WeatherAPI","context":{"city":"Accra","type":"current","url":"https:\/\/api.weatherapi.com\/v1\/forecast.json?key=f891d15df0bb44f3aa390904260905&q=Accra&days=3&aqi=yes"},"timestamp":"2026-05-09T17:01:45+00:00"}
{"level":"INFO","message":"cURL indisponível, usando fallback HTTP stream","context":{"city":"Benguela","type":"current","url":"https:\/\/api.weatherapi.com\/v1\/forecast.json?key=f891d15df0bb44f3aa390904260905&q=Benguela&days=3&aqi=yes"},"timestamp":"2026-05-09T17:01:45+00:00"}
{"level":"ERROR","message":"Falha de transporte (stream) ao consultar WeatherAPI","context":{"city":"Benguela","type":"current","url":"https:\/\/api.weatherapi.com\/v1\/forecast.json?key=f891d15df0bb44f3aa390904260905&q=Benguela&days=3&aqi=yes"},"timestamp":"2026-05-09T17:01:45+00:00"}
{"level":"INFO","message":"cURL indisponível, usando fallback HTTP stream","context":{"city":"Accra","type":"current","url":"https:\/\/api.weatherapi.com\/v1\/forecast.json?key=f891d15df0bb44f3aa390904260905&q=Accra&days=3&aqi=yes"},"timestamp":"2026-05-09T17:01:47+00:00"}
{"level":"ERROR","message":"Falha de transporte (stream) ao consultar WeatherAPI","context":{"city":"Accra","type":"current","url":"https:\/\/api.weatherapi.com\/v1\/forecast.json?key=f891d15df0bb44f3aa390904260905&q=Accra&days=3&aqi=yes"},"timestamp":"2026-05-09T17:01:47+00:00"}
{"level":"INFO","message":"cURL indisponível, usando fallback HTTP stream","context":{"city":"Luanda","type":"current","url":"https:\/\/api.weatherapi.com\/v1\/forecast.json?key=f891d15df0bb44f3aa390904260905&q=Luanda&days=3&aqi=yes"},"timestamp":"2026-05-09T17:01:47+00:00"}
{"level":"ERROR","message":"Falha de transporte (stream) ao consultar WeatherAPI","context":{"city":"Luanda","type":"current","url":"https:\/\/api.weatherapi.com\/v1\/forecast.json?key=f891d15df0bb44f3aa390904260905&q=Luanda&days=3&aqi=yes"},"timestamp":"2026-05-09T17:01:47+00:00"}
{"level":"INFO","message":"cURL indisponível, usando fallback HTTP stream","context":{"city":"Luanda","type":"current","url":"https:\/\/api.weatherapi.com\/v1\/forecast.json?key=f891d15df0bb44f3aa390904260905&q=Luanda&days=3&aqi=yes"},"timestamp":"2026-05-09T17:01:48+00:00"}
{"level":"ERROR","message":"Falha de transporte (stream) ao consultar WeatherAPI","context":{"city":"Luanda","type":"current","url":"https:\/\/api.weatherapi.com\/v1\/forecast.json?key=f891d15df0bb44f3aa390904260905&q=Luanda&days=3&aqi=yes"},"timestamp":"2026-05-09T17:01:48+00:00"}
{"level":"INFO","message":"cURL indisponível, usando fallback HTTP stream","context":{"city":"Luanda","type":"hourly","url":"https:\/\/api.weatherapi.com\/v1\/forecast.json?key=f891d15df0bb44f3aa390904260905&q=Luanda&days=3&aqi=yes"},"timestamp":"2026-05-09T17:01:48+00:00"}
{"level":"ERROR","message":"Falha de transporte (stream) ao consultar WeatherAPI","context":{"city":"Luanda","type":"hourly","url":"https:\/\/api.weatherapi.com\/v1\/forecast.json?key=f891d15df0bb44f3aa390904260905&q=Luanda&days=3&aqi=yes"},"timestamp":"2026-05-09T17:01:48+00:00"}
{"level":"INFO","message":"cURL indisponível, usando fallback HTTP stream","context":{"city":"Luanda","type":"daily","url":"https:\/\/api.weatherapi.com\/v1\/forecast.json?key=f891d15df0bb44f3aa390904260905&q=Luanda&days=3&aqi=yes"},"timestamp":"2026-05-09T17:01:48+00:00"}
{"level":"ERROR","message":"Falha de transporte (stream) ao consultar WeatherAPI","context":{"city":"Luanda","type":"daily","url":"https:\/\/api.weatherapi.com\/v1\/forecast.json?key=f891d15df0bb44f3aa390904260905&q=Luanda&days=3&aqi=yes"},"timestamp":"2026-05-09T17:01:48+00:00"}
{"level":"INFO","message":"cURL indisponível, usando fallback HTTP stream","context":{"city":"Luanda","type":"current","url":"https:\/\/api.weatherapi.com\/v1\/forecast.json?key=f891d15df0bb44f3aa390904260905&q=Luanda&days=3&aqi=yes"},"timestamp":"2026-05-09T17:01:50+00:00"}
{"level":"ERROR","message":"Falha de transporte (stream) ao consultar WeatherAPI","context":{"city":"Luanda","type":"current","url":"https:\/\/api.weatherapi.com\/v1\/forecast.json?key=f891d15df0bb44f3aa390904260905&q=Luanda&days=3&aqi=yes"},"timestamp":"2026-05-09T17:01:50+00:00"}
{"level":"INFO","message":"cURL indisponível, usando fallback HTTP stream","context":{"city":"Luanda","type":"hourly","url":"https:\/\/api.weatherapi.com\/v1\/forecast.json?key=f891d15df0bb44f3aa390904260905&q=Luanda&days=3&aqi=yes"},"timestamp":"2026-05-09T17:01:50+00:00"}
{"level":"ERROR","message":"Falha de transporte (stream) ao consultar WeatherAPI","context":{"city":"Luanda","type":"hourly","url":"https:\/\/api.weatherapi.com\/v1\/forecast.json?key=f891d15df0bb44f3aa390904260905&q=Luanda&days=3&aqi=yes"},"timestamp":"2026-05-09T17:01:50+00:00"}
{"level":"INFO","message":"cURL indisponível, usando fallback HTTP stream","context":{"city":"Luanda","type":"daily","url":"https:\/\/api.weatherapi.com\/v1\/forecast.json?key=f891d15df0bb44f3aa390904260905&q=Luanda&days=3&aqi=yes"},"timestamp":"2026-05-09T17:01:50+00:00"}
{"level":"ERROR","message":"Falha de transporte (stream) ao consultar WeatherAPI","context":{"city":"Luanda","type":"daily","url":"https:\/\/api.weatherapi.com\/v1\/forecast.json?key=f891d15df0bb44f3aa390904260905&q=Luanda&days=3&aqi=yes"},"timestamp":"2026-05-09T17:01:50+00:00"}
{"level":"INFO","message":"cURL indisponível, usando fallback HTTP stream","context":{"city":"Luanda","type":"current","url":"https:\/\/api.weatherapi.com\/v1\/forecast.json?key=f891d15df0bb44f3aa390904260905&q=Luanda&days=3&aqi=yes"},"timestamp":"2026-05-09T17:01:51+00:00"}
{"level":"ERROR","message":"Falha de transporte (stream) ao consultar WeatherAPI","context":{"city":"Luanda","type":"current","url":"https:\/\/api.weatherapi.com\/v1\/forecast.json?key=f891d15df0bb44f3aa390904260905&q=Luanda&days=3&aqi=yes"},"timestamp":"2026-05-09T17:01:51+00:00"}
{"level":"INFO","message":"cURL indisponível, usando fallback HTTP stream","context":{"city":"Luanda","type":"hourly","url":"https:\/\/api.weatherapi.com\/v1\/forecast.json?key=f891d15df0bb44f3aa390904260905&q=Luanda&days=3&aqi=yes"},"timestamp":"2026-05-09T17:01:51+00:00"}
{"level":"ERROR","message":"Falha de transporte (stream) ao consultar WeatherAPI","context":{"city":"Luanda","type":"hourly","url":"https:\/\/api.weatherapi.com\/v1\/forecast.json?key=f891d15df0bb44f3aa390904260905&q=Luanda&days=3&aqi=yes"},"timestamp":"2026-05-09T17:01:51+00:00"}
{"level":"INFO","message":"cURL indisponível, usando fallback HTTP stream","context":{"city":"Luanda","type":"daily","url":"https:\/\/api.weatherapi.com\/v1\/forecast.json?key=f891d15df0bb44f3aa390904260905&q=Luanda&days=3&aqi=yes"},"timestamp":"2026-05-09T17:01:51+00:00"}
{"level":"ERROR","message":"Falha de transporte (stream) ao consultar WeatherAPI","context":{"city":"Luanda","type":"daily","url":"https:\/\/api.weatherapi.com\/v1\/forecast.json?key=f891d15df0bb44f3aa390904260905&q=Luanda&days=3&aqi=yes"},"timestamp":"2026-05-09T17:01:51+00:00"}
{"level":"INFO","message":"cURL indisponível, usando fallback HTTP stream","context":{"city":"Luanda","type":"current","url":"https:\/\/api.weatherapi.com\/v1\/forecast.json?key=f891d15df0bb44f3aa390904260905&q=Luanda&days=3&aqi=yes"},"timestamp":"2026-05-09T17:01:51+00:00"}
{"level":"ERROR","message":"Falha de transporte (stream) ao consultar WeatherAPI","context":{"city":"Luanda","type":"current","url":"https:\/\/api.weatherapi.com\/v1\/forecast.json?key=f891d15df0bb44f3aa390904260905&q=Luanda&days=3&aqi=yes"},"timestamp":"2026-05-09T17:01:51+00:00"}
{"level":"INFO","message":"cURL indisponível, usando fallback HTTP stream","context":{"city":"Luanda","type":"hourly","url":"https:\/\/api.weatherapi.com\/v1\/forecast.json?key=f891d15df0bb44f3aa390904260905&q=Luanda&days=3&aqi=yes"},"timestamp":"2026-05-09T17:01:51+00:00"}
{"level":"ERROR","message":"Falha de transporte (stream) ao consultar WeatherAPI","context":{"city":"Luanda","type":"hourly","url":"https:\/\/api.weatherapi.com\/v1\/forecast.json?key=f891d15df0bb44f3aa390904260905&q=Luanda&days=3&aqi=yes"},"timestamp":"2026-05-09T17:01:51+00:00"}
{"level":"INFO","message":"cURL indisponível, usando fallback HTTP stream","context":{"city":"Luanda","type":"daily","url":"https:\/\/api.weatherapi.com\/v1\/forecast.json?key=f891d15df0bb44f3aa390904260905&q=Luanda&days=3&aqi=yes"},"timestamp":"2026-05-09T17:01:51+00:00"}
{"level":"ERROR","message":"Falha de transporte (stream) ao consultar WeatherAPI","context":{"city":"Luanda","type":"daily","url":"https:\/\/api.weatherapi.com\/v1\/forecast.json?key=f891d15df0bb44f3aa390904260905&q=Luanda&days=3&aqi=yes"},"timestamp":"2026-05-09T17:01:51+00:00"}
{"level":"INFO","message":"cURL indisponível, usando fallback HTTP stream","context":{"city":"Luanda","type":"current","url":"https:\/\/api.weatherapi.com\/v1\/forecast.json?key=f891d15df0bb44f3aa390904260905&q=Luanda&days=3&aqi=yes"},"timestamp":"2026-05-09T17:01:59+00:00"}
{"level":"ERROR","message":"Falha de transporte (stream) ao consultar WeatherAPI","context":{"city":"Luanda","type":"current","url":"https:\/\/api.weatherapi.com\/v1\/forecast.json?key=f891d15df0bb44f3aa390904260905&q=Luanda&days=3&aqi=yes"},"timestamp":"2026-05-09T17:01:59+00:00"}
{"level":"INFO","message":"cURL indisponível, usando fallback HTTP stream","context":{"city":"Luanda","type":"hourly","url":"https:\/\/api.weatherapi.com\/v1\/forecast.json?key=f891d15df0bb44f3aa390904260905&q=Luanda&days=3&aqi=yes"},"timestamp":"2026-05-09T17:01:59+00:00"}
{"level":"ERROR","message":"Falha de transporte (stream) ao consultar WeatherAPI","context":{"city":"Luanda","type":"hourly","url":"https:\/\/api.weatherapi.com\/v1\/forecast.json?key=f891d15df0bb44f3aa390904260905&q=Luanda&days=3&aqi=yes"},"timestamp":"2026-05-09T17:01:59+00:00"}
{"level":"INFO","message":"cURL indisponível, usando fallback HTTP stream","context":{"city":"Luanda","type":"daily","url":"https:\/\/api.weatherapi.com\/v1\/forecast.json?key=f891d15df0bb44f3aa390904260905&q=Luanda&days=3&aqi=yes"},"timestamp":"2026-05-09T17:01:59+00:00"}
{"level":"ERROR","message":"Falha de transporte (stream) ao consultar WeatherAPI","context":{"city":"Luanda","type":"daily","url":"https:\/\/api.weatherapi.com\/v1\/forecast.json?key=f891d15df0bb44f3aa390904260905&q=Luanda&days=3&aqi=yes"},"timestamp":"2026-05-09T17:01:59+00:00"}
{"level":"INFO","message":"cURL indisponível, usando fallback HTTP stream","context":{"city":"Accra","type":"current","url":"https:\/\/api.weatherapi.com\/v1\/forecast.json?key=f891d15df0bb44f3aa390904260905&q=Accra&days=3&aqi=yes"},"timestamp":"2026-05-09T17:02:30+00:00"}
{"level":"ERROR","message":"Falha de transporte (stream) ao consultar WeatherAPI","context":{"city":"Accra","type":"current","url":"https:\/\/api.weatherapi.com\/v1\/forecast.json?key=f891d15df0bb44f3aa390904260905&q=Accra&days=3&aqi=yes"},"timestamp":"2026-05-09T17:02:30+00:00"}
{"level":"INFO","message":"cURL indisponível, usando fallback HTTP stream","context":{"city":"Luanda","type":"current","url":"https:\/\/api.weatherapi.com\/v1\/forecast.json?key=f891d15df0bb44f3aa390904260905&q=Luanda&days=3&aqi=yes"},"timestamp":"2026-05-09T17:02:30+00:00"}
{"level":"ERROR","message":"Falha de transporte (stream) ao consultar WeatherAPI","context":{"city":"Luanda","type":"current","url":"https:\/\/api.weatherapi.com\/v1\/forecast.json?key=f891d15df0bb44f3aa390904260905&q=Luanda&days=3&aqi=yes"},"timestamp":"2026-05-09T17:02:30+00:00"}
{"level":"INFO","message":"cURL indisponível, usando fallback HTTP stream","context":{"city":"Luanda","type":"current","url":"https:\/\/api.weatherapi.com\/v1\/forecast.json?key=f891d15df0bb44f3aa390904260905&q=Luanda&days=3&aqi=yes"},"timestamp":"2026-05-09T17:03:42+00:00"}
{"level":"ERROR","message":"Falha de transporte (stream) ao consultar WeatherAPI","context":{"city":"Luanda","type":"current","url":"https:\/\/api.weatherapi.com\/v1\/forecast.json?key=f891d15df0bb44f3aa390904260905&q=Luanda&days=3&aqi=yes"},"timestamp":"2026-05-09T17:03:42+00:00"}
{"level":"INFO","message":"cURL indisponível, usando fallback HTTP stream","context":{"city":"Luanda","type":"hourly","url":"https:\/\/api.weatherapi.com\/v1\/forecast.json?key=f891d15df0bb44f3aa390904260905&q=Luanda&days=3&aqi=yes"},"timestamp":"2026-05-09T17:03:42+00:00"}
{"level":"ERROR","message":"Falha de transporte (stream) ao consultar WeatherAPI","context":{"city":"Luanda","type":"hourly","url":"https:\/\/api.weatherapi.com\/v1\/forecast.json?key=f891d15df0bb44f3aa390904260905&q=Luanda&days=3&aqi=yes"},"timestamp":"2026-05-09T17:03:42+00:00"}
{"level":"INFO","message":"cURL indisponível, usando fallback HTTP stream","context":{"city":"Luanda","type":"daily","url":"https:\/\/api.weatherapi.com\/v1\/forecast.json?key=f891d15df0bb44f3aa390904260905&q=Luanda&days=3&aqi=yes"},"timestamp":"2026-05-09T17:03:42+00:00"}
{"level":"ERROR","message":"Falha de transporte (stream) ao consultar WeatherAPI","context":{"city":"Luanda","type":"daily","url":"https:\/\/api.weatherapi.com\/v1\/forecast.json?key=f891d15df0bb44f3aa390904260905&q=Luanda&days=3&aqi=yes"},"timestamp":"2026-05-09T17:03:42+00:00"}
{"level":"INFO","message":"cURL indisponível, usando fallback HTTP stream","context":{"city":"Luanda","type":"current","url":"https:\/\/api.weatherapi.com\/v1\/forecast.json?key=f891d15df0bb44f3aa390904260905&q=Luanda&days=3&aqi=yes"},"timestamp":"2026-05-09T17:03:52+00:00"}
{"level":"ERROR","message":"Falha de transporte (stream) ao consultar WeatherAPI","context":{"city":"Luanda","type":"current","url":"https:\/\/api.weatherapi.com\/v1\/forecast.json?key=f891d15df0bb44f3aa390904260905&q=Luanda&days=3&aqi=yes"},"timestamp":"2026-05-09T17:03:52+00:00"}
{"level":"INFO","message":"cURL indisponível, usando fallback HTTP stream","context":{"city":"Luanda","type":"hourly","url":"https:\/\/api.weatherapi.com\/v1\/forecast.json?key=f891d15df0bb44f3aa390904260905&q=Luanda&days=3&aqi=yes"},"timestamp":"2026-05-09T17:03:52+00:00"}
{"level":"ERROR","message":"Falha de transporte (stream) ao consultar WeatherAPI","context":{"city":"Luanda","type":"hourly","url":"https:\/\/api.weatherapi.com\/v1\/forecast.json?key=f891d15df0bb44f3aa390904260905&q=Luanda&days=3&aqi=yes"},"timestamp":"2026-05-09T17:03:52+00:00"}
{"level":"INFO","message":"cURL indisponível, usando fallback HTTP stream","context":{"city":"Luanda","type":"daily","url":"https:\/\/api.weatherapi.com\/v1\/forecast.json?key=f891d15df0bb44f3aa390904260905&q=Luanda&days=3&aqi=yes"},"timestamp":"2026-05-09T17:03:52+00:00"}
{"level":"ERROR","message":"Falha de transporte (stream) ao consultar WeatherAPI","context":{"city":"Luanda","type":"daily","url":"https:\/\/api.weatherapi.com\/v1\/forecast.json?key=f891d15df0bb44f3aa390904260905&q=Luanda&days=3&aqi=yes"},"timestamp":"2026-05-09T17:03:52+00:00"}
{"level":"INFO","message":"cURL indisponível, usando fallback HTTP stream","context":{"city":"Luanda","type":"current","url":"https:\/\/api.weatherapi.com\/v1\/forecast.json?key=f891d15df0bb44f3aa390904260905&q=Luanda&days=3&aqi=yes"},"timestamp":"2026-05-09T17:04:26+00:00"}
{"level":"ERROR","message":"Falha de transporte (stream) ao consultar WeatherAPI","context":{"city":"Luanda","type":"current","url":"https:\/\/api.weatherapi.com\/v1\/forecast.json?key=f891d15df0bb44f3aa390904260905&q=Luanda&days=3&aqi=yes"},"timestamp":"2026-05-09T17:04:26+00:00"}
{"level":"INFO","message":"cURL indisponível, usando fallback HTTP stream","context":{"city":"Luanda","type":"hourly","url":"https:\/\/api.weatherapi.com\/v1\/forecast.json?key=f891d15df0bb44f3aa390904260905&q=Luanda&days=3&aqi=yes"},"timestamp":"2026-05-09T17:04:26+00:00"}
{"level":"ERROR","message":"Falha de transporte (stream) ao consultar WeatherAPI","context":{"city":"Luanda","type":"hourly","url":"https:\/\/api.weatherapi.com\/v1\/forecast.json?key=f891d15df0bb44f3aa390904260905&q=Luanda&days=3&aqi=yes"},"timestamp":"2026-05-09T17:04:26+00:00"}
{"level":"INFO","message":"cURL indisponível, usando fallback HTTP stream","context":{"city":"Luanda","type":"daily","url":"https:\/\/api.weatherapi.com\/v1\/forecast.json?key=f891d15df0bb44f3aa390904260905&q=Luanda&days=3&aqi=yes"},"timestamp":"2026-05-09T17:04:26+00:00"}
{"level":"ERROR","message":"Falha de transporte (stream) ao consultar WeatherAPI","context":{"city":"Luanda","type":"daily","url":"https:\/\/api.weatherapi.com\/v1\/forecast.json?key=f891d15df0bb44f3aa390904260905&q=Luanda&days=3&aqi=yes"},"timestamp":"2026-05-09T17:04:26+00:00"}
{"level":"INFO","message":"cURL indisponível, usando fallback HTTP stream","context":{"city":"Luanda","type":"current","url":"https:\/\/api.weatherapi.com\/v1\/forecast.json?key=f891d15df0bb44f3aa390904260905&q=Luanda&days=3&aqi=yes"},"timestamp":"2026-05-09T17:04:29+00:00"}
{"level":"ERROR","message":"Falha de transporte (stream) ao consultar WeatherAPI","context":{"city":"Luanda","type":"current","url":"https:\/\/api.weatherapi.com\/v1\/forecast.json?key=f891d15df0bb44f3aa390904260905&q=Luanda&days=3&aqi=yes"},"timestamp":"2026-05-09T17:04:29+00:00"}
{"level":"INFO","message":"cURL indisponível, usando fallback HTTP stream","context":{"city":"Luanda","type":"hourly","url":"https:\/\/api.weatherapi.com\/v1\/forecast.json?key=f891d15df0bb44f3aa390904260905&q=Luanda&days=3&aqi=yes"},"timestamp":"2026-05-09T17:04:29+00:00"}
{"level":"ERROR","message":"Falha de transporte (stream) ao consultar WeatherAPI","context":{"city":"Luanda","type":"hourly","url":"https:\/\/api.weatherapi.com\/v1\/forecast.json?key=f891d15df0bb44f3aa390904260905&q=Luanda&days=3&aqi=yes"},"timestamp":"2026-05-09T17:04:29+00:00"}
{"level":"INFO","message":"cURL indisponível, usando fallback HTTP stream","context":{"city":"Luanda","type":"daily","url":"https:\/\/api.weatherapi.com\/v1\/forecast.json?key=f891d15df0bb44f3aa390904260905&q=Luanda&days=3&aqi=yes"},"timestamp":"2026-05-09T17:04:29+00:00"}
{"level":"ERROR","message":"Falha de transporte (stream) ao consultar WeatherAPI","context":{"city":"Luanda","type":"daily","url":"https:\/\/api.weatherapi.com\/v1\/forecast.json?key=f891d15df0bb44f3aa390904260905&q=Luanda&days=3&aqi=yes"},"timestamp":"2026-05-09T17:04:29+00:00"}
{"level":"INFO","message":"cURL indisponível, usando fallback HTTP stream","context":{"city":"Luanda","type":"current","url":"https:\/\/api.weatherapi.com\/v1\/forecast.json?key=f891d15df0bb44f3aa390904260905&q=Luanda&days=3&aqi=yes"},"timestamp":"2026-05-09T17:04:30+00:00"}
{"level":"ERROR","message":"Falha de transporte (stream) ao consultar WeatherAPI","context":{"city":"Luanda","type":"current","url":"https:\/\/api.weatherapi.com\/v1\/forecast.json?key=f891d15df0bb44f3aa390904260905&q=Luanda&days=3&aqi=yes"},"timestamp":"2026-05-09T17:04:30+00:00"}
{"level":"INFO","message":"cURL indisponível, usando fallback HTTP stream","context":{"city":"Accra","type":"current","url":"https:\/\/api.weatherapi.com\/v1\/forecast.json?key=f891d15df0bb44f3aa390904260905&q=Accra&days=3&aqi=yes"},"timestamp":"2026-05-09T17:04:30+00:00"}
{"level":"ERROR","message":"Falha de transporte (stream) ao consultar WeatherAPI","context":{"city":"Accra","type":"current","url":"https:\/\/api.weatherapi.com\/v1\/forecast.json?key=f891d15df0bb44f3aa390904260905&q=Accra&days=3&aqi=yes"},"timestamp":"2026-05-09T17:04:30+00:00"}
{"level":"INFO","message":"cURL indisponível, usando fallback HTTP stream","context":{"city":"Luanda","type":"current","url":"https:\/\/api.weatherapi.com\/v1\/forecast.json?key=f891d15df0bb44f3aa390904260905&q=Luanda&days=3&aqi=yes"},"timestamp":"2026-05-09T17:04:44+00:00"}
{"level":"ERROR","message":"Falha de transporte (stream) ao consultar WeatherAPI","context":{"city":"Luanda","type":"current","url":"https:\/\/api.weatherapi.com\/v1\/forecast.json?key=f891d15df0bb44f3aa390904260905&q=Luanda&days=3&aqi=yes"},"timestamp":"2026-05-09T17:04:44+00:00"}
{"level":"INFO","message":"cURL indisponível, usando fallback HTTP stream","context":{"city":"Luanda","type":"hourly","url":"https:\/\/api.weatherapi.com\/v1\/forecast.json?key=f891d15df0bb44f3aa390904260905&q=Luanda&days=3&aqi=yes"},"timestamp":"2026-05-09T17:04:44+00:00"}
{"level":"ERROR","message":"Falha de transporte (stream) ao consultar WeatherAPI","context":{"city":"Luanda","type":"hourly","url":"https:\/\/api.weatherapi.com\/v1\/forecast.json?key=f891d15df0bb44f3aa390904260905&q=Luanda&days=3&aqi=yes"},"timestamp":"2026-05-09T17:04:44+00:00"}
{"level":"INFO","message":"cURL indisponível, usando fallback HTTP stream","context":{"city":"Luanda","type":"daily","url":"https:\/\/api.weatherapi.com\/v1\/forecast.json?key=f891d15df0bb44f3aa390904260905&q=Luanda&days=3&aqi=yes"},"timestamp":"2026-05-09T17:04:44+00:00"}
{"level":"ERROR","message":"Falha de transporte (stream) ao consultar WeatherAPI","context":{"city":"Luanda","type":"daily","url":"https:\/\/api.weatherapi.com\/v1\/forecast.json?key=f891d15df0bb44f3aa390904260905&q=Luanda&days=3&aqi=yes"},"timestamp":"2026-05-09T17:04:44+00:00"}
{"level":"INFO","message":"cURL indisponível, usando fallback HTTP stream","context":{"city":"Luanda","type":"current","url":"https:\/\/api.weatherapi.com\/v1\/forecast.json?key=f891d15df0bb44f3aa390904260905&q=Luanda&days=3&aqi=yes"},"timestamp":"2026-05-09T17:04:48+00:00"}
{"level":"ERROR","message":"Falha de transporte (stream) ao consultar WeatherAPI","context":{"city":"Luanda","type":"current","url":"https:\/\/api.weatherapi.com\/v1\/forecast.json?key=f891d15df0bb44f3aa390904260905&q=Luanda&days=3&aqi=yes"},"timestamp":"2026-05-09T17:04:48+00:00"}
{"level":"INFO","message":"cURL indisponível, usando fallback HTTP stream","context":{"city":"Accra","type":"current","url":"https:\/\/api.weatherapi.com\/v1\/forecast.json?key=f891d15df0bb44f3aa390904260905&q=Accra&days=3&aqi=yes"},"timestamp":"2026-05-09T17:04:48+00:00"}
{"level":"ERROR","message":"Falha de transporte (stream) ao consultar WeatherAPI","context":{"city":"Accra","type":"current","url":"https:\/\/api.weatherapi.com\/v1\/forecast.json?key=f891d15df0bb44f3aa390904260905&q=Accra&days=3&aqi=yes"},"timestamp":"2026-05-09T17:04:48+00:00"}
{"level":"INFO","message":"cURL indisponível, usando fallback HTTP stream","context":{"city":"Accra","type":"current","url":"https:\/\/api.weatherapi.com\/v1\/forecast.json?key=f891d15df0bb44f3aa390904260905&q=Accra&days=3&aqi=yes"},"timestamp":"2026-05-09T17:04:48+00:00"}
{"level":"ERROR","message":"Falha de transporte (stream) ao consultar WeatherAPI","context":{"city":"Accra","type":"current","url":"https:\/\/api.weatherapi.com\/v1\/forecast.json?key=f891d15df0bb44f3aa390904260905&q=Accra&days=3&aqi=yes"},"timestamp":"2026-05-09T17:04:48+00:00"}
{"level":"INFO","message":"cURL indisponível, usando fallback HTTP stream","context":{"city":"Benguela","type":"current","url":"https:\/\/api.weatherapi.com\/v1\/forecast.json?key=f891d15df0bb44f3aa390904260905&q=Benguela&days=3&aqi=yes"},"timestamp":"2026-05-09T17:04:49+00:00"}
{"level":"ERROR","message":"Falha de transporte (stream) ao consultar WeatherAPI","context":{"city":"Benguela","type":"current","url":"https:\/\/api.weatherapi.com\/v1\/forecast.json?key=f891d15df0bb44f3aa390904260905&q=Benguela&days=3&aqi=yes"},"timestamp":"2026-05-09T17:04:49+00:00"}
{"level":"INFO","message":"cURL indisponível, usando fallback HTTP stream","context":{"city":"Luanda","type":"daily","url":"https:\/\/api.weatherapi.com\/v1\/forecast.json?key=f891d15df0bb44f3aa390904260905&q=Luanda&days=3&aqi=yes"},"timestamp":"2026-05-09T17:04:54+00:00"}
{"level":"ERROR","message":"Falha de transporte (stream) ao consultar WeatherAPI","context":{"city":"Luanda","type":"daily","url":"https:\/\/api.weatherapi.com\/v1\/forecast.json?key=f891d15df0bb44f3aa390904260905&q=Luanda&days=3&aqi=yes"},"timestamp":"2026-05-09T17:04:54+00:00"}
{"level":"INFO","message":"cURL indisponível, usando fallback HTTP stream","context":{"city":"Luanda","type":"current","url":"https:\/\/api.weatherapi.com\/v1\/forecast.json?key=f891d15df0bb44f3aa390904260905&q=Luanda&days=3&aqi=yes"},"timestamp":"2026-05-09T17:05:18+00:00"}
{"level":"ERROR","message":"Falha de transporte (stream) ao consultar WeatherAPI","context":{"city":"Luanda","type":"current","url":"https:\/\/api.weatherapi.com\/v1\/forecast.json?key=f891d15df0bb44f3aa390904260905&q=Luanda&days=3&aqi=yes"},"timestamp":"2026-05-09T17:05:18+00:00"}
{"level":"INFO","message":"cURL indisponível, usando fallback HTTP stream","context":{"city":"Luanda","type":"hourly","url":"https:\/\/api.weatherapi.com\/v1\/forecast.json?key=f891d15df0bb44f3aa390904260905&q=Luanda&days=3&aqi=yes"},"timestamp":"2026-05-09T17:05:18+00:00"}
{"level":"ERROR","message":"Falha de transporte (stream) ao consultar WeatherAPI","context":{"city":"Luanda","type":"hourly","url":"https:\/\/api.weatherapi.com\/v1\/forecast.json?key=f891d15df0bb44f3aa390904260905&q=Luanda&days=3&aqi=yes"},"timestamp":"2026-05-09T17:05:18+00:00"}
{"level":"INFO","message":"cURL indisponível, usando fallback HTTP stream","context":{"city":"Luanda","type":"daily","url":"https:\/\/api.weatherapi.com\/v1\/forecast.json?key=f891d15df0bb44f3aa390904260905&q=Luanda&days=3&aqi=yes"},"timestamp":"2026-05-09T17:05:18+00:00"}
{"level":"ERROR","message":"Falha de transporte (stream) ao consultar WeatherAPI","context":{"city":"Luanda","type":"daily","url":"https:\/\/api.weatherapi.com\/v1\/forecast.json?key=f891d15df0bb44f3aa390904260905&q=Luanda&days=3&aqi=yes"},"timestamp":"2026-05-09T17:05:18+00:00"}
{"level":"INFO","message":"cURL indisponível, usando fallback HTTP stream","context":{"city":"Luanda","type":"current","url":"https:\/\/api.weatherapi.com\/v1\/forecast.json?key=f891d15df0bb44f3aa390904260905&q=Luanda&days=3&aqi=yes"},"timestamp":"2026-05-09T17:05:20+00:00"}
{"level":"ERROR","message":"Falha de transporte (stream) ao consultar WeatherAPI","context":{"city":"Luanda","type":"current","url":"https:\/\/api.weatherapi.com\/v1\/forecast.json?key=f891d15df0bb44f3aa390904260905&q=Luanda&days=3&aqi=yes"},"timestamp":"2026-05-09T17:05:20+00:00"}
{"level":"INFO","message":"cURL indisponível, usando fallback HTTP stream","context":{"city":"Accra","type":"current","url":"https:\/\/api.weatherapi.com\/v1\/forecast.json?key=f891d15df0bb44f3aa390904260905&q=Accra&days=3&aqi=yes"},"timestamp":"2026-05-09T17:05:20+00:00"}
{"level":"ERROR","message":"Falha de transporte (stream) ao consultar WeatherAPI","context":{"city":"Accra","type":"current","url":"https:\/\/api.weatherapi.com\/v1\/forecast.json?key=f891d15df0bb44f3aa390904260905&q=Accra&days=3&aqi=yes"},"timestamp":"2026-05-09T17:05:20+00:00"}
{"level":"INFO","message":"cURL indisponível, usando fallback HTTP stream","context":{"city":"Luanda","type":"daily","url":"https:\/\/api.weatherapi.com\/v1\/forecast.json?key=f891d15df0bb44f3aa390904260905&q=Luanda&days=3&aqi=yes"},"timestamp":"2026-05-09T17:05:32+00:00"}
{"level":"ERROR","message":"Falha de transporte (stream) ao consultar WeatherAPI","context":{"city":"Luanda","type":"daily","url":"https:\/\/api.weatherapi.com\/v1\/forecast.json?key=f891d15df0bb44f3aa390904260905&q=Luanda&days=3&aqi=yes"},"timestamp":"2026-05-09T17:05:32+00:00"}
{"level":"INFO","message":"cURL indisponível, usando fallback HTTP stream","context":{"city":"Accra","type":"current","url":"https:\/\/api.weatherapi.com\/v1\/forecast.json?key=f891d15df0bb44f3aa390904260905&q=Accra&days=3&aqi=yes"},"timestamp":"2026-05-09T17:05:36+00:00"}
{"level":"ERROR","message":"Falha de transporte (stream) ao consultar WeatherAPI","context":{"city":"Accra","type":"current","url":"https:\/\/api.weatherapi.com\/v1\/forecast.json?key=f891d15df0bb44f3aa390904260905&q=Accra&days=3&aqi=yes"},"timestamp":"2026-05-09T17:05:36+00:00"}
{"level":"INFO","message":"cURL indisponível, usando fallback HTTP stream","context":{"city":"Benguela","type":"current","url":"https:\/\/api.weatherapi.com\/v1\/forecast.json?key=f891d15df0bb44f3aa390904260905&q=Benguela&days=3&aqi=yes"},"timestamp":"2026-05-09T17:05:36+00:00"}
{"level":"ERROR","message":"Falha de transporte (stream) ao consultar WeatherAPI","context":{"city":"Benguela","type":"current","url":"https:\/\/api.weatherapi.com\/v1\/forecast.json?key=f891d15df0bb44f3aa390904260905&q=Benguela&days=3&aqi=yes"},"timestamp":"2026-05-09T17:05:36+00:00"}
{"level":"INFO","message":"cURL indisponível, usando fallback HTTP stream","context":{"city":"Accra","type":"current","url":"https:\/\/api.weatherapi.com\/v1\/forecast.json?key=f891d15df0bb44f3aa390904260905&q=Accra&days=3&aqi=yes"},"timestamp":"2026-05-09T17:05:37+00:00"}
{"level":"ERROR","message":"Falha de transporte (stream) ao consultar WeatherAPI","context":{"city":"Accra","type":"current","url":"https:\/\/api.weatherapi.com\/v1\/forecast.json?key=f891d15df0bb44f3aa390904260905&q=Accra&days=3&aqi=yes"},"timestamp":"2026-05-09T17:05:37+00:00"}
{"level":"INFO","message":"cURL indisponível, usando fallback HTTP stream","context":{"city":"Luanda","type":"current","url":"https:\/\/api.weatherapi.com\/v1\/forecast.json?key=f891d15df0bb44f3aa390904260905&q=Luanda&days=3&aqi=yes"},"timestamp":"2026-05-09T17:05:37+00:00"}
{"level":"ERROR","message":"Falha de transporte (stream) ao consultar WeatherAPI","context":{"city":"Luanda","type":"current","url":"https:\/\/api.weatherapi.com\/v1\/forecast.json?key=f891d15df0bb44f3aa390904260905&q=Luanda&days=3&aqi=yes"},"timestamp":"2026-05-09T17:05:37+00:00"}
{"level":"INFO","message":"cURL indisponível, usando fallback HTTP stream","context":{"city":"Luanda","type":"current","url":"https:\/\/api.weatherapi.com\/v1\/forecast.json?key=f891d15df0bb44f3aa390904260905&q=Luanda&days=3&aqi=yes"},"timestamp":"2026-05-09T17:05:39+00:00"}
{"level":"ERROR","message":"Falha de transporte (stream) ao consultar WeatherAPI","context":{"city":"Luanda","type":"current","url":"https:\/\/api.weatherapi.com\/v1\/forecast.json?key=f891d15df0bb44f3aa390904260905&q=Luanda&days=3&aqi=yes"},"timestamp":"2026-05-09T17:05:39+00:00"}
{"level":"INFO","message":"cURL indisponível, usando fallback HTTP stream","context":{"city":"Luanda","type":"hourly","url":"https:\/\/api.weatherapi.com\/v1\/forecast.json?key=f891d15df0bb44f3aa390904260905&q=Luanda&days=3&aqi=yes"},"timestamp":"2026-05-09T17:05:39+00:00"}
{"level":"ERROR","message":"Falha de transporte (stream) ao consultar WeatherAPI","context":{"city":"Luanda","type":"hourly","url":"https:\/\/api.weatherapi.com\/v1\/forecast.json?key=f891d15df0bb44f3aa390904260905&q=Luanda&days=3&aqi=yes"},"timestamp":"2026-05-09T17:05:39+00:00"}
{"level":"INFO","message":"cURL indisponível, usando fallback HTTP stream","context":{"city":"Luanda","type":"daily","url":"https:\/\/api.weatherapi.com\/v1\/forecast.json?key=f891d15df0bb44f3aa390904260905&q=Luanda&days=3&aqi=yes"},"timestamp":"2026-05-09T17:05:39+00:00"}
{"level":"ERROR","message":"Falha de transporte (stream) ao consultar WeatherAPI","context":{"city":"Luanda","type":"daily","url":"https:\/\/api.weatherapi.com\/v1\/forecast.json?key=f891d15df0bb44f3aa390904260905&q=Luanda&days=3&aqi=yes"},"timestamp":"2026-05-09T17:05:39+00:00"}
{"level":"INFO","message":"cURL indisponível, usando fallback HTTP stream","context":{"city":"Accra","type":"current","url":"https:\/\/api.weatherapi.com\/v1\/forecast.json?key=f891d15df0bb44f3aa390904260905&q=Accra&days=3&aqi=yes"},"timestamp":"2026-05-09T17:16:26+00:00"}
{"level":"ERROR","message":"Falha de transporte (stream) ao consultar WeatherAPI","context":{"city":"Accra","type":"current","url":"https:\/\/api.weatherapi.com\/v1\/forecast.json?key=f891d15df0bb44f3aa390904260905&q=Accra&days=3&aqi=yes"},"timestamp":"2026-05-09T17:16:26+00:00"}
{"level":"INFO","message":"cURL indisponível, usando fallback HTTP stream","context":{"city":"Luanda","type":"current","url":"https:\/\/api.weatherapi.com\/v1\/forecast.json?key=f891d15df0bb44f3aa390904260905&q=Luanda&days=3&aqi=yes"},"timestamp":"2026-05-09T17:16:26+00:00"}
{"level":"ERROR","message":"Falha de transporte (stream) ao consultar WeatherAPI","context":{"city":"Luanda","type":"current","url":"https:\/\/api.weatherapi.com\/v1\/forecast.json?key=f891d15df0bb44f3aa390904260905&q=Luanda&days=3&aqi=yes"},"timestamp":"2026-05-09T17:16:26+00:00"}
{"level":"INFO","message":"cURL indisponível, usando fallback HTTP stream","context":{"city":"Accra","type":"current","url":"https:\/\/api.weatherapi.com\/v1\/forecast.json?key=f891d15df0bb44f3aa390904260905&q=Accra&days=3&aqi=yes"},"timestamp":"2026-05-09T17:16:34+00:00"}
{"level":"ERROR","message":"Falha de transporte (stream) ao consultar WeatherAPI","context":{"city":"Accra","type":"current","url":"https:\/\/api.weatherapi.com\/v1\/forecast.json?key=f891d15df0bb44f3aa390904260905&q=Accra&days=3&aqi=yes"},"timestamp":"2026-05-09T17:16:34+00:00"}
{"level":"INFO","message":"cURL indisponível, usando fallback HTTP stream","context":{"city":"Benguela","type":"current","url":"https:\/\/api.weatherapi.com\/v1\/forecast.json?key=f891d15df0bb44f3aa390904260905&q=Benguela&days=3&aqi=yes"},"timestamp":"2026-05-09T17:16:34+00:00"}
{"level":"ERROR","message":"Falha de transporte (stream) ao consultar WeatherAPI","context":{"city":"Benguela","type":"current","url":"https:\/\/api.weatherapi.com\/v1\/forecast.json?key=f891d15df0bb44f3aa390904260905&q=Benguela&days=3&aqi=yes"},"timestamp":"2026-05-09T17:16:34+00:00"}
{"level":"INFO","message":"cURL indisponível, usando fallback HTTP stream","context":{"city":"Luanda","type":"current","url":"https:\/\/api.weatherapi.com\/v1\/forecast.json?key=f891d15df0bb44f3aa390904260905&q=Luanda&days=3&aqi=yes"},"timestamp":"2026-05-09T17:16:42+00:00"}
{"level":"ERROR","message":"Falha de transporte (stream) ao consultar WeatherAPI","context":{"city":"Luanda","type":"current","url":"https:\/\/api.weatherapi.com\/v1\/forecast.json?key=f891d15df0bb44f3aa390904260905&q=Luanda&days=3&aqi=yes"},"timestamp":"2026-05-09T17:16:42+00:00"}
{"level":"INFO","message":"cURL indisponível, usando fallback HTTP stream","context":{"city":"Luanda","type":"hourly","url":"https:\/\/api.weatherapi.com\/v1\/forecast.json?key=f891d15df0bb44f3aa390904260905&q=Luanda&days=3&aqi=yes"},"timestamp":"2026-05-09T17:16:42+00:00"}
{"level":"ERROR","message":"Falha de transporte (stream) ao consultar WeatherAPI","context":{"city":"Luanda","type":"hourly","url":"https:\/\/api.weatherapi.com\/v1\/forecast.json?key=f891d15df0bb44f3aa390904260905&q=Luanda&days=3&aqi=yes"},"timestamp":"2026-05-09T17:16:42+00:00"}
{"level":"INFO","message":"cURL indisponível, usando fallback HTTP stream","context":{"city":"Luanda","type":"daily","url":"https:\/\/api.weatherapi.com\/v1\/forecast.json?key=f891d15df0bb44f3aa390904260905&q=Luanda&days=3&aqi=yes"},"timestamp":"2026-05-09T17:16:42+00:00"}
{"level":"ERROR","message":"Falha de transporte (stream) ao consultar WeatherAPI","context":{"city":"Luanda","type":"daily","url":"https:\/\/api.weatherapi.com\/v1\/forecast.json?key=f891d15df0bb44f3aa390904260905&q=Luanda&days=3&aqi=yes"},"timestamp":"2026-05-09T17:16:42+00:00"}
{"level":"INFO","message":"cURL indisponível, usando fallback HTTP stream","context":{"city":"Luanda","type":"current","url":"https:\/\/api.weatherapi.com\/v1\/forecast.json?key=f891d15df0bb44f3aa390904260905&q=Luanda&days=3&aqi=yes"},"timestamp":"2026-05-09T17:17:08+00:00"}
{"level":"ERROR","message":"Falha de transporte (stream) ao consultar WeatherAPI","context":{"city":"Luanda","type":"current","url":"https:\/\/api.weatherapi.com\/v1\/forecast.json?key=f891d15df0bb44f3aa390904260905&q=Luanda&days=3&aqi=yes"},"timestamp":"2026-05-09T17:17:08+00:00"}
{"level":"INFO","message":"cURL indisponível, usando fallback HTTP stream","context":{"city":"Luanda","type":"hourly","url":"https:\/\/api.weatherapi.com\/v1\/forecast.json?key=f891d15df0bb44f3aa390904260905&q=Luanda&days=3&aqi=yes"},"timestamp":"2026-05-09T17:17:08+00:00"}
{"level":"ERROR","message":"Falha de transporte (stream) ao consultar WeatherAPI","context":{"city":"Luanda","type":"hourly","url":"https:\/\/api.weatherapi.com\/v1\/forecast.json?key=f891d15df0bb44f3aa390904260905&q=Luanda&days=3&aqi=yes"},"timestamp":"2026-05-09T17:17:08+00:00"}
{"level":"INFO","message":"cURL indisponível, usando fallback HTTP stream","context":{"city":"Luanda","type":"daily","url":"https:\/\/api.weatherapi.com\/v1\/forecast.json?key=f891d15df0bb44f3aa390904260905&q=Luanda&days=3&aqi=yes"},"timestamp":"2026-05-09T17:17:08+00:00"}
{"level":"ERROR","message":"Falha de transporte (stream) ao consultar WeatherAPI","context":{"city":"Luanda","type":"daily","url":"https:\/\/api.weatherapi.com\/v1\/forecast.json?key=f891d15df0bb44f3aa390904260905&q=Luanda&days=3&aqi=yes"},"timestamp":"2026-05-09T17:17:08+00:00"}
{"level":"INFO","message":"cURL indisponível, usando fallback HTTP stream","context":{"city":"Luanda","type":"current","url":"https:\/\/api.weatherapi.com\/v1\/forecast.json?key=f891d15df0bb44f3aa390904260905&q=Luanda&days=3&aqi=yes"},"timestamp":"2026-05-09T17:20:07+00:00"}
{"level":"ERROR","message":"Falha de transporte (stream) ao consultar WeatherAPI","context":{"city":"Luanda","type":"current","url":"https:\/\/api.weatherapi.com\/v1\/forecast.json?key=f891d15df0bb44f3aa390904260905&q=Luanda&days=3&aqi=yes"},"timestamp":"2026-05-09T17:20:07+00:00"}
{"level":"INFO","message":"cURL indisponível, usando fallback HTTP stream","context":{"city":"Luanda","type":"hourly","url":"https:\/\/api.weatherapi.com\/v1\/forecast.json?key=f891d15df0bb44f3aa390904260905&q=Luanda&days=3&aqi=yes"},"timestamp":"2026-05-09T17:20:07+00:00"}
{"level":"ERROR","message":"Falha de transporte (stream) ao consultar WeatherAPI","context":{"city":"Luanda","type":"hourly","url":"https:\/\/api.weatherapi.com\/v1\/forecast.json?key=f891d15df0bb44f3aa390904260905&q=Luanda&days=3&aqi=yes"},"timestamp":"2026-05-09T17:20:07+00:00"}
{"level":"INFO","message":"cURL indisponível, usando fallback HTTP stream","context":{"city":"Luanda","type":"daily","url":"https:\/\/api.weatherapi.com\/v1\/forecast.json?key=f891d15df0bb44f3aa390904260905&q=Luanda&days=3&aqi=yes"},"timestamp":"2026-05-09T17:20:07+00:00"}
{"level":"ERROR","message":"Falha de transporte (stream) ao consultar WeatherAPI","context":{"city":"Luanda","type":"daily","url":"https:\/\/api.weatherapi.com\/v1\/forecast.json?key=f891d15df0bb44f3aa390904260905&q=Luanda&days=3&aqi=yes"},"timestamp":"2026-05-09T17:20:07+00:00"}
{"level":"INFO","message":"cURL indisponível, usando fallback HTTP stream","context":{"city":"Luanda","type":"current","url":"https:\/\/api.weatherapi.com\/v1\/forecast.json?key=f891d15df0bb44f3aa390904260905&q=Luanda&days=3&aqi=yes"},"timestamp":"2026-05-09T17:32:25+00:00"}
{"level":"ERROR","message":"Falha de transporte (stream) ao consultar WeatherAPI","context":{"city":"Luanda","type":"current","url":"https:\/\/api.weatherapi.com\/v1\/forecast.json?key=f891d15df0bb44f3aa390904260905&q=Luanda&days=3&aqi=yes"},"timestamp":"2026-05-09T17:32:25+00:00"}
{"level":"INFO","message":"cURL indisponível, usando fallback HTTP stream","context":{"city":"Luanda","type":"hourly","url":"https:\/\/api.weatherapi.com\/v1\/forecast.json?key=f891d15df0bb44f3aa390904260905&q=Luanda&days=3&aqi=yes"},"timestamp":"2026-05-09T17:32:25+00:00"}
{"level":"ERROR","message":"Falha de transporte (stream) ao consultar WeatherAPI","context":{"city":"Luanda","type":"hourly","url":"https:\/\/api.weatherapi.com\/v1\/forecast.json?key=f891d15df0bb44f3aa390904260905&q=Luanda&days=3&aqi=yes"},"timestamp":"2026-05-09T17:32:25+00:00"}
{"level":"INFO","message":"cURL indisponível, usando fallback HTTP stream","context":{"city":"Luanda","type":"daily","url":"https:\/\/api.weatherapi.com\/v1\/forecast.json?key=f891d15df0bb44f3aa390904260905&q=Luanda&days=3&aqi=yes"},"timestamp":"2026-05-09T17:32:25+00:00"}
{"level":"ERROR","message":"Falha de transporte (stream) ao consultar WeatherAPI","context":{"city":"Luanda","type":"daily","url":"https:\/\/api.weatherapi.com\/v1\/forecast.json?key=f891d15df0bb44f3aa390904260905&q=Luanda&days=3&aqi=yes"},"timestamp":"2026-05-09T17:32:25+00:00"}
{"level":"INFO","message":"cURL indisponível, usando fallback HTTP stream","context":{"city":"Luanda","type":"current","url":"https:\/\/api.weatherapi.com\/v1\/forecast.json?key=f891d15df0bb44f3aa390904260905&q=Luanda&days=3&aqi=yes"},"timestamp":"2026-05-09T17:33:44+00:00"}
{"level":"ERROR","message":"Falha de transporte (stream) ao consultar WeatherAPI","context":{"city":"Luanda","type":"current","url":"https:\/\/api.weatherapi.com\/v1\/forecast.json?key=f891d15df0bb44f3aa390904260905&q=Luanda&days=3&aqi=yes"},"timestamp":"2026-05-09T17:33:44+00:00"}
{"level":"INFO","message":"cURL indisponível, usando fallback HTTP stream","context":{"city":"Luanda","type":"hourly","url":"https:\/\/api.weatherapi.com\/v1\/forecast.json?key=f891d15df0bb44f3aa390904260905&q=Luanda&days=3&aqi=yes"},"timestamp":"2026-05-09T17:33:44+00:00"}
{"level":"ERROR","message":"Falha de transporte (stream) ao consultar WeatherAPI","context":{"city":"Luanda","type":"hourly","url":"https:\/\/api.weatherapi.com\/v1\/forecast.json?key=f891d15df0bb44f3aa390904260905&q=Luanda&days=3&aqi=yes"},"timestamp":"2026-05-09T17:33:44+00:00"}
{"level":"INFO","message":"cURL indisponível, usando fallback HTTP stream","context":{"city":"Luanda","type":"daily","url":"https:\/\/api.weatherapi.com\/v1\/forecast.json?key=f891d15df0bb44f3aa390904260905&q=Luanda&days=3&aqi=yes"},"timestamp":"2026-05-09T17:33:44+00:00"}
{"level":"ERROR","message":"Falha de transporte (stream) ao consultar WeatherAPI","context":{"city":"Luanda","type":"daily","url":"https:\/\/api.weatherapi.com\/v1\/forecast.json?key=f891d15df0bb44f3aa390904260905&q=Luanda&days=3&aqi=yes"},"timestamp":"2026-05-09T17:33:44+00:00"}
{"level":"INFO","message":"cURL indisponível, usando fallback HTTP stream","context":{"city":"Luanda","type":"current","url":"https:\/\/api.weatherapi.com\/v1\/forecast.json?key=f891d15df0bb44f3aa390904260905&q=Luanda&days=3&aqi=yes"},"timestamp":"2026-05-09T17:42:22+00:00"}
{"level":"ERROR","message":"Falha de transporte (stream) ao consultar WeatherAPI","context":{"city":"Luanda","type":"current","url":"https:\/\/api.weatherapi.com\/v1\/forecast.json?key=f891d15df0bb44f3aa390904260905&q=Luanda&days=3&aqi=yes"},"timestamp":"2026-05-09T17:42:22+00:00"}
{"level":"INFO","message":"cURL indisponível, usando fallback HTTP stream","context":{"city":"Luanda","type":"hourly","url":"https:\/\/api.weatherapi.com\/v1\/forecast.json?key=f891d15df0bb44f3aa390904260905&q=Luanda&days=3&aqi=yes"},"timestamp":"2026-05-09T17:42:22+00:00"}
{"level":"ERROR","message":"Falha de transporte (stream) ao consultar WeatherAPI","context":{"city":"Luanda","type":"hourly","url":"https:\/\/api.weatherapi.com\/v1\/forecast.json?key=f891d15df0bb44f3aa390904260905&q=Luanda&days=3&aqi=yes"},"timestamp":"2026-05-09T17:42:22+00:00"}
{"level":"INFO","message":"cURL indisponível, usando fallback HTTP stream","context":{"city":"Luanda","type":"daily","url":"https:\/\/api.weatherapi.com\/v1\/forecast.json?key=f891d15df0bb44f3aa390904260905&q=Luanda&days=3&aqi=yes"},"timestamp":"2026-05-09T17:42:22+00:00"}
{"level":"ERROR","message":"Falha de transporte (stream) ao consultar WeatherAPI","context":{"city":"Luanda","type":"daily","url":"https:\/\/api.weatherapi.com\/v1\/forecast.json?key=f891d15df0bb44f3aa390904260905&q=Luanda&days=3&aqi=yes"},"timestamp":"2026-05-09T17:42:22+00:00"}
{"level":"INFO","message":"cURL indisponível, usando fallback HTTP stream","context":{"city":"Luanda","type":"current","url":"https:\/\/api.weatherapi.com\/v1\/forecast.json?key=f891d15df0bb44f3aa390904260905&q=Luanda&days=3&aqi=yes"},"timestamp":"2026-05-09T18:18:04+00:00"}
{"level":"ERROR","message":"Falha de transporte (stream) ao consultar WeatherAPI","context":{"city":"Luanda","type":"current","url":"https:\/\/api.weatherapi.com\/v1\/forecast.json?key=f891d15df0bb44f3aa390904260905&q=Luanda&days=3&aqi=yes"},"timestamp":"2026-05-09T18:18:04+00:00"}
{"level":"INFO","message":"cURL indisponível, usando fallback HTTP stream","context":{"city":"Luanda","type":"hourly","url":"https:\/\/api.weatherapi.com\/v1\/forecast.json?key=f891d15df0bb44f3aa390904260905&q=Luanda&days=3&aqi=yes"},"timestamp":"2026-05-09T18:18:04+00:00"}
{"level":"ERROR","message":"Falha de transporte (stream) ao consultar WeatherAPI","context":{"city":"Luanda","type":"hourly","url":"https:\/\/api.weatherapi.com\/v1\/forecast.json?key=f891d15df0bb44f3aa390904260905&q=Luanda&days=3&aqi=yes"},"timestamp":"2026-05-09T18:18:04+00:00"}
{"level":"INFO","message":"cURL indisponível, usando fallback HTTP stream","context":{"city":"Luanda","type":"daily","url":"https:\/\/api.weatherapi.com\/v1\/forecast.json?key=f891d15df0bb44f3aa390904260905&q=Luanda&days=3&aqi=yes"},"timestamp":"2026-05-09T18:18:04+00:00"}
{"level":"ERROR","message":"Falha de transporte (stream) ao consultar WeatherAPI","context":{"city":"Luanda","type":"daily","url":"https:\/\/api.weatherapi.com\/v1\/forecast.json?key=f891d15df0bb44f3aa390904260905&q=Luanda&days=3&aqi=yes"},"timestamp":"2026-05-09T18:18:04+00:00"}
{"level":"ERROR","message":"Falha de transporte ao consultar WeatherAPI","context":{"city":"Luanda","type":"current","url":"https:\/\/api.weatherapi.com\/v1\/forecast.json?key=324a2bddfe374af0b7b182824260905&q=Luanda&days=3&aqi=yes","curl_errno":60,"curl_error":"SSL certificate OpenSSL verify result: self-signed certificate in certificate chain (19)"},"timestamp":"2026-05-09T18:38:43+00:00"}
{"level":"ERROR","message":"Falha de transporte ao consultar WeatherAPI","context":{"city":"Luanda","type":"hourly","url":"https:\/\/api.weatherapi.com\/v1\/forecast.json?key=324a2bddfe374af0b7b182824260905&q=Luanda&days=3&aqi=yes","curl_errno":60,"curl_error":"SSL certificate OpenSSL verify result: self-signed certificate in certificate chain (19)"},"timestamp":"2026-05-09T18:38:43+00:00"}
{"level":"ERROR","message":"Falha de transporte ao consultar WeatherAPI","context":{"city":"Luanda","type":"daily","url":"https:\/\/api.weatherapi.com\/v1\/forecast.json?key=324a2bddfe374af0b7b182824260905&q=Luanda&days=3&aqi=yes","curl_errno":60,"curl_error":"SSL certificate OpenSSL verify result: self-signed certificate in certificate chain (19)"},"timestamp":"2026-05-09T18:38:44+00:00"}
{"level":"ERROR","message":"Falha de transporte ao consultar WeatherAPI","context":{"city":"Luanda","type":"current","url":"https:\/\/api.weatherapi.com\/v1\/forecast.json?key=324a2bddfe374af0b7b182824260905&q=Luanda&days=3&aqi=yes","curl_errno":60,"curl_error":"SSL certificate OpenSSL verify result: self-signed certificate in certificate chain (19)"},"timestamp":"2026-05-09T18:39:49+00:00"}
{"level":"ERROR","message":"Falha de transporte ao consultar WeatherAPI","context":{"city":"Luanda","type":"hourly","url":"https:\/\/api.weatherapi.com\/v1\/forecast.json?key=324a2bddfe374af0b7b182824260905&q=Luanda&days=3&aqi=yes","curl_errno":60,"curl_error":"SSL certificate OpenSSL verify result: self-signed certificate in certificate chain (19)"},"timestamp":"2026-05-09T18:39:49+00:00"}
{"level":"ERROR","message":"Falha de transporte ao consultar WeatherAPI","context":{"city":"Luanda","type":"daily","url":"https:\/\/api.weatherapi.com\/v1\/forecast.json?key=324a2bddfe374af0b7b182824260905&q=Luanda&days=3&aqi=yes","curl_errno":60,"curl_error":"SSL certificate OpenSSL verify result: self-signed certificate in certificate chain (19)"},"timestamp":"2026-05-09T18:39:50+00:00"}
{"level":"ERROR","message":"Falha de transporte ao consultar WeatherAPI","context":{"city":"Luanda","type":"current","url":"https:\/\/api.weatherapi.com\/v1\/forecast.json?key=324a2bddfe374af0b7b182824260905&q=Luanda&days=3&aqi=yes","curl_errno":60,"curl_error":"SSL certificate OpenSSL verify result: self-signed certificate in certificate chain (19)"},"timestamp":"2026-05-09T18:39:51+00:00"}
{"level":"ERROR","message":"Falha de transporte ao consultar WeatherAPI","context":{"city":"Luanda","type":"hourly","url":"https:\/\/api.weatherapi.com\/v1\/forecast.json?key=324a2bddfe374af0b7b182824260905&q=Luanda&days=3&aqi=yes","curl_errno":60,"curl_error":"SSL certificate OpenSSL verify result: self-signed certificate in certificate chain (19)"},"timestamp":"2026-05-09T18:39:52+00:00"}
{"level":"ERROR","message":"Falha de transporte ao consultar WeatherAPI","context":{"city":"Luanda","type":"daily","url":"https:\/\/api.weatherapi.com\/v1\/forecast.json?key=324a2bddfe374af0b7b182824260905&q=Luanda&days=3&aqi=yes","curl_errno":60,"curl_error":"SSL certificate OpenSSL verify result: self-signed certificate in certificate chain (19)"},"timestamp":"2026-05-09T18:39:52+00:00"}
{"level":"ERROR","message":"Erro fatal da API","context":{"exception":"Call to undefined method App\\Core\\Request::param()"},"timestamp":"2026-05-09T22:08:00+00:00"}
{"level":"ERROR","message":"Erro fatal da API","context":{"exception":"Call to undefined method App\\Core\\Request::param()"},"timestamp":"2026-05-09T22:08:01+00:00"}
{"level":"ERROR","message":"Erro fatal da API","context":{"exception":"Call to undefined method App\\Core\\Request::param()"},"timestamp":"2026-05-09T22:08:05+00:00"}
{"level":"ERROR","message":"Erro fatal da API","context":{"exception":"Call to undefined method App\\Core\\Request::param()"},"timestamp":"2026-05-09T22:08:06+00:00"}
{"level":"ERROR","message":"Erro fatal da API","context":{"exception":"Call to undefined method App\\Core\\Request::param()"},"timestamp":"2026-05-09T22:08:07+00:00"}
{"level":"ERROR","message":"Erro fatal da API","context":{"exception":"Call to undefined method App\\Core\\Request::param()"},"timestamp":"2026-05-09T22:08:08+00:00"}
{"level":"ERROR","message":"Erro fatal da API","context":{"exception":"Call to undefined method App\\Core\\Request::param()"},"timestamp":"2026-05-09T22:08:08+00:00"}
{"level":"ERROR","message":"Erro fatal da API","context":{"exception":"Call to undefined method App\\Core\\Request::param()"},"timestamp":"2026-05-09T22:08:10+00:00"}
{"level":"ERROR","message":"Erro fatal da API","context":{"exception":"Call to undefined method App\\Core\\Request::param()"},"timestamp":"2026-05-09T22:17:19+00:00"}
{"level":"ERROR","message":"Erro fatal da API","context":{"exception":"Call to undefined method App\\Core\\Request::param()"},"timestamp":"2026-05-09T22:17:22+00:00"}
{"level":"ERROR","message":"Erro fatal da API","context":{"exception":"Call to undefined method App\\Core\\Request::param()"},"timestamp":"2026-05-09T22:17:23+00:00"}
{"level":"ERROR","message":"Erro fatal da API","context":{"exception":"Call to undefined method App\\Core\\Request::param()"},"timestamp":"2026-05-09T22:17:24+00:00"}
{"level":"ERROR","message":"Erro fatal da API","context":{"exception":"Call to undefined method App\\Core\\Request::param()"},"timestamp":"2026-05-09T22:17:25+00:00"}
{"level":"ERROR","message":"Erro fatal da API","context":{"exception":"Call to undefined method App\\Core\\Request::param()"},"timestamp":"2026-05-09T22:17:25+00:00"}
{"level":"ERROR","message":"Erro fatal da API","context":{"exception":"Call to undefined method App\\Core\\Request::param()"},"timestamp":"2026-05-09T22:17:34+00:00"}
{"level":"ERROR","message":"Erro fatal da API","context":{"exception":"Call to undefined method App\\Core\\Request::param()"},"timestamp":"2026-05-09T22:17:52+00:00"}
{"level":"ERROR","message":"Erro fatal da API","context":{"exception":"Class \"Dompdf\\Options\" not found"},"timestamp":"2026-05-09T22:21:49+00:00"}
{"level":"ERROR","message":"Erro fatal da API","context":{"exception":"Class \"Dompdf\\Options\" not found"},"timestamp":"2026-05-09T22:22:17+00:00"}
{"level":"ERROR","message":"Erro fatal da API","context":{"exception":"Falha ao ligar na base de dados: SQLSTATE[HY000] [2002] No connection could be made because the target machine actively refused it"},"timestamp":"2026-05-10T06:26:54+00:00"}
{"level":"ERROR","message":"Erro fatal da API","context":{"exception":"Falha ao ligar na base de dados: SQLSTATE[HY000] [2002] No connection could be made because the target machine actively refused it"},"timestamp":"2026-05-10T06:26:56+00:00"}
{"level":"ERROR","message":"Erro fatal da API","context":{"exception":"Falha ao ligar na base de dados: SQLSTATE[HY000] [2002] No connection could be made because the target machine actively refused it"},"timestamp":"2026-05-10T06:26:58+00:00"}
{"level":"ERROR","message":"Erro fatal da API","context":{"exception":"Falha ao ligar na base de dados: SQLSTATE[HY000] [2002] No connection could be made because the target machine actively refused it"},"timestamp":"2026-05-10T06:27:09+00:00"}
{"level":"ERROR","message":"Erro fatal da API","context":{"exception":"Falha ao ligar na base de dados: SQLSTATE[HY000] [2002] No connection could be made because the target machine actively refused it"},"timestamp":"2026-05-10T06:27:22+00:00"}
{"level":"ERROR","message":"Falha de transporte ao consultar WeatherAPI","context":{"city":"Accra","type":"current","url":"https:\/\/api.weatherapi.com\/v1\/forecast.json?key=324a2bddfe374af0b7b182824260905&q=Accra&days=3&aqi=yes","curl_errno":28,"curl_error":"Connection timed out after 8005 milliseconds"},"timestamp":"2026-05-10T08:40:49+00:00"}
